Archive member included because of file (symbol)

/usr/local/Cellar/avr-gcc/4.7.2/lib/gcc/avr/4.7.2/avr25/libgcc.a(_exit.o)
                              /usr/local/Cellar/avr-gcc/4.7.2/lib/gcc/avr/4.7.2/../../../../avr/lib/avr25/crttn85.o (exit)

Memory Configuration

Name             Origin             Length             Attributes
text             0x0000000000000000 0x0000000000002000 xr
data             0x0000000000800060 0x000000000000ffa0 rw !x
eeprom           0x0000000000810000 0x0000000000010000 rw !x
fuse             0x0000000000820000 0x0000000000000400 rw !x
lock             0x0000000000830000 0x0000000000000400 rw !x
signature        0x0000000000840000 0x0000000000000400 rw !x
*default*        0x0000000000000000 0xffffffffffffffff

Linker script and memory map

LOAD /usr/local/Cellar/avr-gcc/4.7.2/lib/gcc/avr/4.7.2/../../../../avr/lib/avr25/crttn85.o
LOAD test_i2cmaster.o
LOAD i2cmaster.o
LOAD /usr/local/Cellar/avr-gcc/4.7.2/lib/gcc/avr/4.7.2/../../../../avr/lib/avr25/libm.a
LOAD /usr/local/Cellar/avr-gcc/4.7.2/lib/gcc/avr/4.7.2/avr25/libgcc.a
LOAD /usr/local/Cellar/avr-gcc/4.7.2/lib/gcc/avr/4.7.2/../../../../avr/lib/avr25/libc.a
LOAD /usr/local/Cellar/avr-gcc/4.7.2/lib/gcc/avr/4.7.2/avr25/libgcc.a

.hash
 *(.hash)

.dynsym
 *(.dynsym)

.dynstr
 *(.dynstr)

.gnu.version
 *(.gnu.version)

.gnu.version_d
 *(.gnu.version_d)

.gnu.version_r
 *(.gnu.version_r)

.rel.init
 *(.rel.init)

.rela.init
 *(.rela.init)

.rel.text
 *(.rel.text)
 *(.rel.text.*)
 *(.rel.gnu.linkonce.t*)

.rela.text
 *(.rela.text)
 *(.rela.text.*)
 *(.rela.gnu.linkonce.t*)

.rel.fini
 *(.rel.fini)

.rela.fini
 *(.rela.fini)

.rel.rodata
 *(.rel.rodata)
 *(.rel.rodata.*)
 *(.rel.gnu.linkonce.r*)

.rela.rodata
 *(.rela.rodata)
 *(.rela.rodata.*)
 *(.rela.gnu.linkonce.r*)

.rel.data
 *(.rel.data)
 *(.rel.data.*)
 *(.rel.gnu.linkonce.d*)

.rela.data
 *(.rela.data)
 *(.rela.data.*)
 *(.rela.gnu.linkonce.d*)

.rel.ctors
 *(.rel.ctors)

.rela.ctors
 *(.rela.ctors)

.rel.dtors
 *(.rel.dtors)

.rela.dtors
 *(.rela.dtors)

.rel.got
 *(.rel.got)

.rela.got
 *(.rela.got)

.rel.bss
 *(.rel.bss)

.rela.bss
 *(.rela.bss)

.rel.plt
 *(.rel.plt)

.rela.plt
 *(.rela.plt)

.text           0x0000000000000000      0x17e
 *(.vectors)
 .vectors       0x0000000000000000       0x1e /usr/local/Cellar/avr-gcc/4.7.2/lib/gcc/avr/4.7.2/../../../../avr/lib/avr25/crttn85.o
                0x0000000000000000                __vectors
                0x0000000000000000                __vector_default
 *(.vectors)
 *(.progmem.gcc*)
 *(.progmem*)
                0x000000000000001e                . = ALIGN (0x2)
                0x000000000000001e                __trampolines_start = .
 *(.trampolines)
 .trampolines   0x000000000000001e        0x0 linker stubs
 *(.trampolines*)
                0x000000000000001e                __trampolines_end = .
 *(.jumptables)
 *(.jumptables*)
 *(.lowtext)
 *(.lowtext*)
                0x000000000000001e                __ctors_start = .
 *(.ctors)
                0x000000000000001e                __ctors_end = .
                0x000000000000001e                __dtors_start = .
 *(.dtors)
                0x000000000000001e                __dtors_end = .
 SORT(*)(.ctors)
 SORT(*)(.dtors)
 *(.init0)
 .init0         0x000000000000001e        0x0 /usr/local/Cellar/avr-gcc/4.7.2/lib/gcc/avr/4.7.2/../../../../avr/lib/avr25/crttn85.o
                0x000000000000001e                __init
 *(.init0)
 *(.init1)
 *(.init1)
 *(.init2)
 .init2         0x000000000000001e        0xc /usr/local/Cellar/avr-gcc/4.7.2/lib/gcc/avr/4.7.2/../../../../avr/lib/avr25/crttn85.o
 *(.init2)
 *(.init3)
 *(.init3)
 *(.init4)
 *(.init4)
 *(.init5)
 *(.init5)
 *(.init6)
 *(.init6)
 *(.init7)
 *(.init7)
 *(.init8)
 *(.init8)
 *(.init9)
 .init9         0x000000000000002a        0x4 /usr/local/Cellar/avr-gcc/4.7.2/lib/gcc/avr/4.7.2/../../../../avr/lib/avr25/crttn85.o
 *(.init9)
 *(.text)
 .text          0x000000000000002e        0x2 /usr/local/Cellar/avr-gcc/4.7.2/lib/gcc/avr/4.7.2/../../../../avr/lib/avr25/crttn85.o
                0x000000000000002e                __vector_10
                0x000000000000002e                __vector_12
                0x000000000000002e                __bad_interrupt
                0x000000000000002e                __vector_6
                0x000000000000002e                __vector_3
                0x000000000000002e                __vector_11
                0x000000000000002e                __vector_13
                0x000000000000002e                __vector_7
                0x000000000000002e                __vector_5
                0x000000000000002e                __vector_4
                0x000000000000002e                __vector_9
                0x000000000000002e                __vector_2
                0x000000000000002e                __vector_8
                0x000000000000002e                __vector_14
                0x000000000000002e                __vector_1
 .text          0x0000000000000030        0x0 test_i2cmaster.o
 .text          0x0000000000000030       0xce i2cmaster.o
                0x0000000000000040                i2c_init
                0x000000000000004a                i2c_start
                0x0000000000000052                i2c_rep_start
                0x0000000000000066                i2c_start_wait
                0x000000000000007a                i2c_stop
                0x000000000000008a                i2c_write
                0x00000000000000c2                i2c_readNak
                0x00000000000000c6                i2c_readAck
                0x00000000000000c8                i2c_read
 .text          0x00000000000000fe        0x0 /usr/local/Cellar/avr-gcc/4.7.2/lib/gcc/avr/4.7.2/avr25/libgcc.a(_exit.o)
                0x00000000000000fe                . = ALIGN (0x2)
 *(.text.*)
 .text.startup  0x00000000000000fe       0x7c test_i2cmaster.o
                0x00000000000000fe                main
 .text.libgcc.mul
                0x000000000000017a        0x0 /usr/local/Cellar/avr-gcc/4.7.2/lib/gcc/avr/4.7.2/avr25/libgcc.a(_exit.o)
 .text.libgcc.div
                0x000000000000017a        0x0 /usr/local/Cellar/avr-gcc/4.7.2/lib/gcc/avr/4.7.2/avr25/libgcc.a(_exit.o)
 .text.libgcc   0x000000000000017a        0x0 /usr/local/Cellar/avr-gcc/4.7.2/lib/gcc/avr/4.7.2/avr25/libgcc.a(_exit.o)
 .text.libgcc.prologue
                0x000000000000017a        0x0 /usr/local/Cellar/avr-gcc/4.7.2/lib/gcc/avr/4.7.2/avr25/libgcc.a(_exit.o)
 .text.libgcc.builtins
                0x000000000000017a        0x0 /usr/local/Cellar/avr-gcc/4.7.2/lib/gcc/avr/4.7.2/avr25/libgcc.a(_exit.o)
 .text.libgcc.fmul
                0x000000000000017a        0x0 /usr/local/Cellar/avr-gcc/4.7.2/lib/gcc/avr/4.7.2/avr25/libgcc.a(_exit.o)
                0x000000000000017a                . = ALIGN (0x2)
 *(.fini9)
 .fini9         0x000000000000017a        0x0 /usr/local/Cellar/avr-gcc/4.7.2/lib/gcc/avr/4.7.2/avr25/libgcc.a(_exit.o)
                0x000000000000017a                exit
                0x000000000000017a                _exit
 *(.fini9)
 *(.fini8)
 *(.fini8)
 *(.fini7)
 *(.fini7)
 *(.fini6)
 *(.fini6)
 *(.fini5)
 *(.fini5)
 *(.fini4)
 *(.fini4)
 *(.fini3)
 *(.fini3)
 *(.fini2)
 *(.fini2)
 *(.fini1)
 *(.fini1)
 *(.fini0)
 .fini0         0x000000000000017a        0x4 /usr/local/Cellar/avr-gcc/4.7.2/lib/gcc/avr/4.7.2/avr25/libgcc.a(_exit.o)
 *(.fini0)
                0x000000000000017e                _etext = .

.data           0x0000000000800060        0x0 load address 0x000000000000017e
                0x0000000000800060                PROVIDE (__data_start, .)
 *(.data)
 .data          0x0000000000800060        0x0 /usr/local/Cellar/avr-gcc/4.7.2/lib/gcc/avr/4.7.2/../../../../avr/lib/avr25/crttn85.o
 .data          0x0000000000800060        0x0 test_i2cmaster.o
 .data          0x0000000000800060        0x0 i2cmaster.o
 .data          0x0000000000800060        0x0 /usr/local/Cellar/avr-gcc/4.7.2/lib/gcc/avr/4.7.2/avr25/libgcc.a(_exit.o)
 *(.data*)
 *(.rodata)
 *(.rodata*)
 *(.gnu.linkonce.d*)
                0x0000000000800060                . = ALIGN (0x2)
                0x0000000000800060                _edata = .
                0x0000000000800060                PROVIDE (__data_end, .)

.bss            0x0000000000800060        0x0
                0x0000000000800060                PROVIDE (__bss_start, .)
 *(.bss)
 .bss           0x0000000000800060        0x0 /usr/local/Cellar/avr-gcc/4.7.2/lib/gcc/avr/4.7.2/../../../../avr/lib/avr25/crttn85.o
 .bss           0x0000000000800060        0x0 test_i2cmaster.o
 .bss           0x0000000000800060        0x0 i2cmaster.o
 .bss           0x0000000000800060        0x0 /usr/local/Cellar/avr-gcc/4.7.2/lib/gcc/avr/4.7.2/avr25/libgcc.a(_exit.o)
 *(.bss*)
 *(COMMON)
                0x0000000000800060                PROVIDE (__bss_end, .)
                0x000000000000017e                __data_load_start = LOADADDR (.data)
                0x000000000000017e                __data_load_end = (__data_load_start + SIZEOF (.data))

.noinit         0x0000000000800060        0x0
                0x0000000000800060                PROVIDE (__noinit_start, .)
 *(.noinit*)
                0x0000000000800060                PROVIDE (__noinit_end, .)
                0x0000000000800060                _end = .
                0x0000000000800060                PROVIDE (__heap_start, .)

.eeprom         0x0000000000810000        0x0
 *(.eeprom*)
                0x0000000000810000                __eeprom_end = .

.fuse
 *(.fuse)
 *(.lfuse)
 *(.hfuse)
 *(.efuse)

.lock
 *(.lock*)

.signature
 *(.signature*)

.stab           0x0000000000000000      0xc9c
 *(.stab)
 .stab          0x0000000000000000      0x6cc /usr/local/Cellar/avr-gcc/4.7.2/lib/gcc/avr/4.7.2/../../../../avr/lib/avr25/crttn85.o
 .stab          0x00000000000006cc      0x5d0 i2cmaster.o
                                        0x5dc (size before relaxing)

.stabstr        0x0000000000000000      0x13b
 *(.stabstr)
 .stabstr       0x0000000000000000      0x13b /usr/local/Cellar/avr-gcc/4.7.2/lib/gcc/avr/4.7.2/../../../../avr/lib/avr25/crttn85.o

.stab.excl
 *(.stab.excl)

.stab.exclstr
 *(.stab.exclstr)

.stab.index
 *(.stab.index)

.stab.indexstr
 *(.stab.indexstr)

.comment        0x0000000000000000       0x11
 *(.comment)
 .comment       0x0000000000000000       0x11 test_i2cmaster.o
                                         0x12 (size before relaxing)

.debug
 *(.debug)

.line
 *(.line)

.debug_srcinfo
 *(.debug_srcinfo)

.debug_sfnames
 *(.debug_sfnames)

.debug_aranges  0x0000000000000000       0x40
 *(.debug_aranges)
 .debug_aranges
                0x0000000000000000       0x20 test_i2cmaster.o
 .debug_aranges
                0x0000000000000020       0x20 /usr/local/Cellar/avr-gcc/4.7.2/lib/gcc/avr/4.7.2/avr25/libgcc.a(_exit.o)

.debug_pubnames
 *(.debug_pubnames)

.debug_info     0x0000000000000000      0x33f
 *(.debug_info)
 .debug_info    0x0000000000000000      0x2b2 test_i2cmaster.o
 .debug_info    0x00000000000002b2       0x8d /usr/local/Cellar/avr-gcc/4.7.2/lib/gcc/avr/4.7.2/avr25/libgcc.a(_exit.o)
 *(.gnu.linkonce.wi.*)

.debug_abbrev   0x0000000000000000       0xef
 *(.debug_abbrev)
 .debug_abbrev  0x0000000000000000       0xdb test_i2cmaster.o
 .debug_abbrev  0x00000000000000db       0x14 /usr/local/Cellar/avr-gcc/4.7.2/lib/gcc/avr/4.7.2/avr25/libgcc.a(_exit.o)

.debug_line     0x0000000000000000      0x120
 *(.debug_line)
 .debug_line    0x0000000000000000       0xc5 test_i2cmaster.o
 .debug_line    0x00000000000000c5       0x5b /usr/local/Cellar/avr-gcc/4.7.2/lib/gcc/avr/4.7.2/avr25/libgcc.a(_exit.o)

.debug_frame    0x0000000000000000       0x38
 *(.debug_frame)
 .debug_frame   0x0000000000000000       0x38 test_i2cmaster.o

.debug_str      0x0000000000000000       0xf6
 *(.debug_str)
 .debug_str     0x0000000000000000       0xf6 test_i2cmaster.o
                                        0x12a (size before relaxing)

.debug_loc      0x0000000000000000       0x7c
 *(.debug_loc)
 .debug_loc     0x0000000000000000       0x7c test_i2cmaster.o

.debug_macinfo
 *(.debug_macinfo)

.debug_pubtypes
 *(.debug_pubtypes)

.debug_ranges   0x0000000000000000       0x10
 *(.debug_ranges)
 .debug_ranges  0x0000000000000000       0x10 test_i2cmaster.o

.debug_macro
 *(.debug_macro)
OUTPUT(test_i2cmaster.elf elf32-avr)
LOAD linker stubs

Cross Reference Table

Symbol                                            File
__bad_interrupt                                   /usr/local/Cellar/avr-gcc/4.7.2/lib/gcc/avr/4.7.2/../../../../avr/lib/avr25/crttn85.o
__heap_end                                        /usr/local/Cellar/avr-gcc/4.7.2/lib/gcc/avr/4.7.2/../../../../avr/lib/avr25/crttn85.o
__init                                            /usr/local/Cellar/avr-gcc/4.7.2/lib/gcc/avr/4.7.2/../../../../avr/lib/avr25/crttn85.o
__stack                                           /usr/local/Cellar/avr-gcc/4.7.2/lib/gcc/avr/4.7.2/../../../../avr/lib/avr25/crttn85.o
__vector_1                                        /usr/local/Cellar/avr-gcc/4.7.2/lib/gcc/avr/4.7.2/../../../../avr/lib/avr25/crttn85.o
__vector_10                                       /usr/local/Cellar/avr-gcc/4.7.2/lib/gcc/avr/4.7.2/../../../../avr/lib/avr25/crttn85.o
__vector_11                                       /usr/local/Cellar/avr-gcc/4.7.2/lib/gcc/avr/4.7.2/../../../../avr/lib/avr25/crttn85.o
__vector_12                                       /usr/local/Cellar/avr-gcc/4.7.2/lib/gcc/avr/4.7.2/../../../../avr/lib/avr25/crttn85.o
__vector_13                                       /usr/local/Cellar/avr-gcc/4.7.2/lib/gcc/avr/4.7.2/../../../../avr/lib/avr25/crttn85.o
__vector_14                                       /usr/local/Cellar/avr-gcc/4.7.2/lib/gcc/avr/4.7.2/../../../../avr/lib/avr25/crttn85.o
__vector_2                                        /usr/local/Cellar/avr-gcc/4.7.2/lib/gcc/avr/4.7.2/../../../../avr/lib/avr25/crttn85.o
__vector_3                                        /usr/local/Cellar/avr-gcc/4.7.2/lib/gcc/avr/4.7.2/../../../../avr/lib/avr25/crttn85.o
__vector_4                                        /usr/local/Cellar/avr-gcc/4.7.2/lib/gcc/avr/4.7.2/../../../../avr/lib/avr25/crttn85.o
__vector_5                                        /usr/local/Cellar/avr-gcc/4.7.2/lib/gcc/avr/4.7.2/../../../../avr/lib/avr25/crttn85.o
__vector_6                                        /usr/local/Cellar/avr-gcc/4.7.2/lib/gcc/avr/4.7.2/../../../../avr/lib/avr25/crttn85.o
__vector_7                                        /usr/local/Cellar/avr-gcc/4.7.2/lib/gcc/avr/4.7.2/../../../../avr/lib/avr25/crttn85.o
__vector_8                                        /usr/local/Cellar/avr-gcc/4.7.2/lib/gcc/avr/4.7.2/../../../../avr/lib/avr25/crttn85.o
__vector_9                                        /usr/local/Cellar/avr-gcc/4.7.2/lib/gcc/avr/4.7.2/../../../../avr/lib/avr25/crttn85.o
__vector_default                                  /usr/local/Cellar/avr-gcc/4.7.2/lib/gcc/avr/4.7.2/../../../../avr/lib/avr25/crttn85.o
__vectors                                         /usr/local/Cellar/avr-gcc/4.7.2/lib/gcc/avr/4.7.2/../../../../avr/lib/avr25/crttn85.o
_exit                                             /usr/local/Cellar/avr-gcc/4.7.2/lib/gcc/avr/4.7.2/avr25/libgcc.a(_exit.o)
exit                                              /usr/local/Cellar/avr-gcc/4.7.2/lib/gcc/avr/4.7.2/avr25/libgcc.a(_exit.o)
                                                  /usr/local/Cellar/avr-gcc/4.7.2/lib/gcc/avr/4.7.2/../../../../avr/lib/avr25/crttn85.o
i2c_init                                          i2cmaster.o
                                                  test_i2cmaster.o
i2c_read                                          i2cmaster.o
i2c_readAck                                       i2cmaster.o
                                                  test_i2cmaster.o
i2c_readNak                                       i2cmaster.o
                                                  test_i2cmaster.o
i2c_rep_start                                     i2cmaster.o
                                                  test_i2cmaster.o
i2c_start                                         i2cmaster.o
                                                  test_i2cmaster.o
i2c_start_wait                                    i2cmaster.o
                                                  test_i2cmaster.o
i2c_stop                                          i2cmaster.o
                                                  test_i2cmaster.o
i2c_write                                         i2cmaster.o
                                                  test_i2cmaster.o
main                                              test_i2cmaster.o
                                                  /usr/local/Cellar/avr-gcc/4.7.2/lib/gcc/avr/4.7.2/../../../../avr/lib/avr25/crttn85.o
